// Jest Snapshot v1, https://goo.gl/fbAQLP

exports[`App renders correctly 1`] = `
<div>
  <p>
    Hello 
    ReactJS Oslo!
    !
  </p>
  <footer>
    Â© 
    2049
     
    ACME Inc.
  </footer>
</div>
`;
